// Jest Snapshot v1, https://goo.gl/fbAQLP

exports[`LibRaw basic metadata fields supported 1`] = `
Object {
  "cdesc": "RGBG",
  "colors": 3,
  "dng_version": 0,
  "filters": 3031741620,
  "guard": "",
  "is_foveon": 0,
  "make": "Sony",
  "model": "ILCA-77M2",
  "raw_count": 1,
  "software": "ILCA-77M2 v1.01",
  "xmplen": 0,
  "xtrans": Array [
    Array [
      0,
      0,
      0,
      0,
      0,
      0,
    ],
    Array [
      0,
      0,
      0,
      0,
      0,
      0,
    ],
    Array [
      0,
      0,
      0,
      0,
      0,
      0,
    ],
    Array [
      0,
      0,
      0,
      0,
      0,
      0,
    ],
    Array [
      0,
      0,
      0,
      0,
      0,
      0,
    ],
    Array [
      0,
      0,
      0,
      0,
      0,
      0,
    ],
  ],
  "xtrans_abs": Array [
    Array [
      0,
      0,
      0,
      0,
      0,
      0,
    ],
    Array [
      0,
      0,
      0,
      0,
      0,
      0,
    ],
    Array [
      0,
      0,
      0,
      0,
      0,
      0,
    ],
    Array [
      0,
      0,
      0,
      0,
      0,
      0,
    ],
    Array [
      0,
      0,
      0,
      0,
      0,
      0,
    ],
    Array [
      0,
      0,
      0,
      0,
      0,
      0,
    ],
  ],
}
`;

exports[`LibRaw basic metadata fields supported 2`] = `
Object {
  "EXIF_MaxAp": 1.799575,
  "FocalLengthIn35mmFormat": 52,
  "InternalLensSerial": "",
  "Lens": "DT 35mm F1.8 SAM",
  "LensMake": "",
  "LensSerial": "",
  "MaxAp4MaxFocal": 1.8,
  "MaxAp4MinFocal": 1.8,
  "MaxFocal": 35,
  "MinFocal": 35,
  "dng": Object {
    "MaxAp4MaxFocal": 0,
    "MaxAp4MinFocal": 0,
    "MaxFocal": 0,
    "MinFocal": 0,
  },
  "makernotes": Object {
    "Adapter": "",
    "AdapterID": 0,
    "Attachment": "",
    "AttachmentID": 0,
    "CamID": 319,
    "CameraFormat": 1,
    "CameraMount": 1,
    "CurAp": 5.656854,
    "CurFocal": 0,
    "FocalLengthIn35mmFormat": 0,
    "FocalType": 0,
    "FocusRangeIndex": 0,
    "Lens": "",
    "LensFStops": 0,
    "LensFeatures_pre": "",
    "LensFeatures_suf": "",
    "LensFormat": 1,
    "LensID": "",
    "LensMount": 1,
    "MaxAp": 0,
    "MaxAp4CurFocal": 1.8,
    "MaxAp4MaxFocal": 0,
    "MaxAp4MinFocal": 1.8,
    "MaxFocal": 0,
    "MinAp": 0,
    "MinAp4CurFocal": 22.200001,
    "MinAp4MaxFocal": 0,
    "MinAp4MinFocal": 0,
    "MinFocal": 35,
    "MinFocusDistance": 0,
    "Teleconverter": "",
    "TeleconverterID": 0,
    "body": "",
  },
  "nikon": Object {
    "NikonEffectiveMaxAp": 0,
    "NikonLensFStops": 0,
    "NikonLensIDNumber": 0,
    "NikonLensType": 0,
    "NikonMCUVersion": 0,
  },
}
`;

exports[`LibRaw basic metadata fields supported 3`] = `
Object {
  "AmbientTemperature": -1000,
  "BatteryTemperature": 29.444445,
  "CameraTemperature": -1000,
  "FlashEC": 0,
  "FlashGN": 0,
  "LensTemperature": -1000,
  "SensorTemperature": -1000,
  "SensorTemperature2": -1000,
  "aperture": 5.6,
  "artist": "",
  "desc": "                               ",
  "exifAcceleration": 0,
  "exifAmbientTemperature": -1000,
  "exifCameraElevationAngle": 0,
  "exifHumidity": 0,
  "exifPressure": 0,
  "focal_len": 35,
  "gpsdata": Array [
    0,
    0,
    0,
    0,
    0,
    0,
    0,
    0,
    0,
    0,
    0,
    0,
    0,
    0,
    0,
    0,
    0,
    0,
    0,
    0,
    0,
    0,
    0,
    0,
    0,
    0,
    0,
    0,
    0,
    0,
    0,
    0,
  ],
  "iso_speed": 100,
  "parsed_gps": Object {
    "altitude": 0,
    "altref": 0,
    "gpsparsed": 0,
    "gpsstatus": 0,
    "gpstimestamp": Array [
      0,
      0,
      0,
    ],
    "latitude": Array [
      0,
      0,
      0,
    ],
    "latref": 0,
    "longref": 0,
    "longtitude": Array [
      0,
      0,
      0,
    ],
  },
  "real_ISO": 100,
  "shot_order": 0,
  "shutter": 0.0125,
  "timestamp": 1414528361,
}
`;

exports[`LibRaw parses xmp 1`] = `"<?xpacket begin=\\"ï»¿\\" id=\\"W5M0MpCehiHzreSzNTczkc9d\\"?><x:xmpmeta xmlns:x=\\"adobe:ns:meta/\\"><rdf:RDF xmlns:rdf=\\"http://www.w3.org/1999/02/22-rdf-syntax-ns#\\"><rdf:Description rdf:about=\\"\\" xmlns:xmp=\\"http://ns.adobe.com/xap/1.0/\\"><xmp:CreatorTool>NIKON Z 6 Ver.02.00     </xmp:CreatorTool><xmp:CreateDate>2019-07-26T20:36:57.90</xmp:CreateDate><xmp:Rating>0</xmp:Rating> </rdf:Description><rdf:Description rdf:about=\\"\\" xmlns:crd=\\"http://ns.adobe.com/camera-raw-defaults/1.0/\\"><crd:Exposure2012>0.00</crd:Exposure2012><crd:Highlights2012>0</crd:Highlights2012><crd:Shadows2012>0</crd:Shadows2012><crd:LuminanceSmoothing>39</crd:LuminanceSmoothing><crd:LuminanceNoiseReductionDetail>75</crd:LuminanceNoiseReductionDetail><crd:LuminanceNoiseReductionContrast>0</crd:LuminanceNoiseReductionContrast><crd:ColorNoiseReduction>10</crd:ColorNoiseReduction><crd:ColorNoiseReductionDetail>50</crd:ColorNoiseReductionDetail><crd:ColorNoiseReductionSmoothness>50</crd:ColorNoiseReductionSmoothness><crd:Sharpness>40</crd:Sharpness><crd:SharpenRadius>2.00</crd:SharpenRadius><crd:SharpenDetail>25</crd:SharpenDetail><crd:SharpenEdgeMasking>0</crd:SharpenEdgeMasking><crd:Contrast2012>0</crd:Contrast2012><crd:Saturation>0</crd:Saturation><crd:CameraProfile>Camera Standard</crd:CameraProfile></rdf:Description></rdf:RDF></x:xmpmeta>                                                                                                                                                                                                                                                                                                                                                                                                                                                                                                                                                                                                                                                                                                                                                                                                                                                                                                                                                                                                                                                                                                                                                                                                                                                                                                                                                                                                                                                                                                                                                                                                                                                                                                                                                                                                                                                                                                                                                                                                                                                                                                                                                                                                                                                                                                                                                                                                                                                                                                                                                                                                                                                                                                                                                                                                                                                                                                                                                                                                                                                                                                                                                                                                                                                                                                                                                                                                                                                                                                                                                                                                                                                                                                                                                                                                                                                                                                                                                                                                                                                                                                                                                                                                                                                                                                                                                                                                                                                                                                                                                                                                                                                                                                                                                                                                                                                                                                                                                                                                                                                                                                                                                                                                                                                                                                                                                                                                                                                                                                                                                                                                                                                                                                                                                                                                                                                                                                                                                                                                                                                                                                                                                                                                                                                                                                                                                                                                                                                                                                                                                                                                                                                                                                                                                                                                                                                                                                                                                                                                                                                                                                                                                                                                                                                                                                                                                                                                                                                                                                                                                                                                                                                                                                                                                                                                                                                                                                                                                                                                                                                                                                                                                                                                                                                                                                                                                                                                                                                                                                                                                                                                                                                                                                                                                                                                                                                                                                                                                                                                                                                                                                                                                                                                                                                                                                                                                                                                                                                                                                                                                                                                                                                                                                                                                                                                                                                                                                                                                                                                                                                                                                                                                                                                                                                                                                                                                                                                                                                                                                                                                                                                                                                                                                                                                                                                                                                                                                                                                                                                                                                                                                                                                                                                                                                                                                                                                                                                           <?xpacket end=\\"w\\"?> "`;

exports[`LibRaw reads img data from buffer 1`] = `
Object {
  "cdesc": "RGBG",
  "colors": 3,
  "dng_version": 0,
  "filters": 3031741620,
  "guard": "",
  "is_foveon": 0,
  "make": "Sony",
  "model": "ILCA-77M2",
  "raw_count": 1,
  "software": "ILCA-77M2 v1.01",
  "xmplen": 0,
  "xtrans": Array [
    Array [
      0,
      0,
      0,
      0,
      0,
      0,
    ],
    Array [
      0,
      0,
      0,
      0,
      0,
      0,
    ],
    Array [
      0,
      0,
      0,
      0,
      0,
      0,
    ],
    Array [
      0,
      0,
      0,
      0,
      0,
      0,
    ],
    Array [
      0,
      0,
      0,
      0,
      0,
      0,
    ],
    Array [
      0,
      0,
      0,
      0,
      0,
      0,
    ],
  ],
  "xtrans_abs": Array [
    Array [
      0,
      0,
      0,
      0,
      0,
      0,
    ],
    Array [
      0,
      0,
      0,
      0,
      0,
      0,
    ],
    Array [
      0,
      0,
      0,
      0,
      0,
      0,
    ],
    Array [
      0,
      0,
      0,
      0,
      0,
      0,
    ],
    Array [
      0,
      0,
      0,
      0,
      0,
      0,
    ],
    Array [
      0,
      0,
      0,
      0,
      0,
      0,
    ],
  ],
}
`;

exports[`LibRaw reads img data from buffer 2`] = `
Object {
  "EXIF_MaxAp": 1.799575,
  "FocalLengthIn35mmFormat": 52,
  "InternalLensSerial": "",
  "Lens": "DT 35mm F1.8 SAM",
  "LensMake": "",
  "LensSerial": "",
  "MaxAp4MaxFocal": 1.8,
  "MaxAp4MinFocal": 1.8,
  "MaxFocal": 35,
  "MinFocal": 35,
  "dng": Object {
    "MaxAp4MaxFocal": 0,
    "MaxAp4MinFocal": 0,
    "MaxFocal": 0,
    "MinFocal": 0,
  },
  "makernotes": Object {
    "Adapter": "",
    "AdapterID": 0,
    "Attachment": "",
    "AttachmentID": 0,
    "CamID": 319,
    "CameraFormat": 1,
    "CameraMount": 1,
    "CurAp": 5.656854,
    "CurFocal": 0,
    "FocalLengthIn35mmFormat": 0,
    "FocalType": 0,
    "FocusRangeIndex": 0,
    "Lens": "",
    "LensFStops": 0,
    "LensFeatures_pre": "",
    "LensFeatures_suf": "",
    "LensFormat": 1,
    "LensID": "",
    "LensMount": 1,
    "MaxAp": 0,
    "MaxAp4CurFocal": 1.8,
    "MaxAp4MaxFocal": 0,
    "MaxAp4MinFocal": 1.8,
    "MaxFocal": 0,
    "MinAp": 0,
    "MinAp4CurFocal": 22.200001,
    "MinAp4MaxFocal": 0,
    "MinAp4MinFocal": 0,
    "MinFocal": 35,
    "MinFocusDistance": 0,
    "Teleconverter": "",
    "TeleconverterID": 0,
    "body": "",
  },
  "nikon": Object {
    "NikonEffectiveMaxAp": 0,
    "NikonLensFStops": 0,
    "NikonLensIDNumber": 0,
    "NikonLensType": 0,
    "NikonMCUVersion": 0,
  },
}
`;

exports[`LibRaw reads img data from buffer 3`] = `
Object {
  "AmbientTemperature": -1000,
  "BatteryTemperature": 29.444445,
  "CameraTemperature": -1000,
  "FlashEC": 0,
  "FlashGN": 0,
  "LensTemperature": -1000,
  "SensorTemperature": -1000,
  "SensorTemperature2": -1000,
  "aperture": 5.6,
  "artist": "",
  "desc": "                               ",
  "exifAcceleration": 0,
  "exifAmbientTemperature": -1000,
  "exifCameraElevationAngle": 0,
  "exifHumidity": 0,
  "exifPressure": 0,
  "focal_len": 35,
  "gpsdata": Array [
    0,
    0,
    0,
    0,
    0,
    0,
    0,
    0,
    0,
    0,
    0,
    0,
    0,
    0,
    0,
    0,
    0,
    0,
    0,
    0,
    0,
    0,
    0,
    0,
    0,
    0,
    0,
    0,
    0,
    0,
    0,
    0,
  ],
  "iso_speed": 100,
  "parsed_gps": Object {
    "altitude": 0,
    "altref": 0,
    "gpsparsed": 0,
    "gpsstatus": 0,
    "gpstimestamp": Array [
      0,
      0,
      0,
    ],
    "latitude": Array [
      0,
      0,
      0,
    ],
    "latref": 0,
    "longref": 0,
    "longtitude": Array [
      0,
      0,
      0,
    ],
  },
  "real_ISO": 100,
  "shot_order": 0,
  "shutter": 0.0125,
  "timestamp": 1414528361,
}
`;
